2026-06-23T00:02:40.213-04:00  INFO 13812 --- [ms-nutricion] [main] g.ms_nutricion.MsNutricionApplication    : Starting MsNutricionApplication using Java 25.0.3 with PID 13812 (E:\proyectos\examen3\ms-nutricion\target\classes started by Usuario in E:\proyectos\examen3)
2026-06-23T00:02:40.216-04:00 DEBUG 13812 --- [ms-nutricion] [main] g.ms_nutricion.MsNutricionApplication    : Running with Spring Boot v4.0.6, Spring v7.0.7
2026-06-23T00:02:40.216-04:00  INFO 13812 --- [ms-nutricion] [main] g.ms_nutricion.MsNutricionApplication    : The following 1 profile is active: "dev"
2026-06-23T00:02:40.860-04:00  INFO 13812 --- [ms-nutricion] [main] .s.d.r.c.RepositoryConfigurationDelegate : Bootstrapping Spring Data JPA repositories in DEFAULT mode.
2026-06-23T00:02:40.961-04:00  INFO 13812 --- [ms-nutricion] [main] .s.d.r.c.RepositoryConfigurationDelegate : Finished Spring Data repository scanning in 93 ms. Found 1 JPA repository interface.
2026-06-23T00:02:41.127-04:00  INFO 13812 --- [ms-nutricion] [main] o.s.cloud.context.scope.GenericScope     : BeanFactory id=dccb0f15-4992-3afa-b7de-4a56f1bfacfc
2026-06-23T00:02:41.361-04:00  INFO 13812 --- [ms-nutricion] [main] o.s.boot.tomcat.TomcatWebServer          : Tomcat initialized with port 8083 (http)
2026-06-23T00:02:41.370-04:00  INFO 13812 --- [ms-nutricion] [main] o.apache.catalina.core.StandardService   : Starting service [Tomcat]
2026-06-23T00:02:41.370-04:00  INFO 13812 --- [ms-nutricion] [main] o.apache.catalina.core.StandardEngine    : Starting Servlet engine: [Apache Tomcat/11.0.21]
2026-06-23T00:02:41.418-04:00  INFO 13812 --- [ms-nutricion] [main] b.w.c.s.WebApplicationContextInitializer : Root WebApplicationContext: initialization completed in 1170 ms
2026-06-23T00:02:41.550-04:00  INFO 13812 --- [ms-nutricion] [main] org.hibernate.orm.jpa                    : HHH008540: Processing PersistenceUnitInfo [name: default]
2026-06-23T00:02:41.593-04:00  INFO 13812 --- [ms-nutricion] [main] org.hibernate.orm.core                   : HHH000001: Hibernate ORM core version 7.2.12.Final
2026-06-23T00:02:41.934-04:00  INFO 13812 --- [ms-nutricion] [main] o.s.o.j.p.SpringPersistenceUnitInfo      : No LoadTimeWeaver setup: ignoring JPA class transformer
2026-06-23T00:02:41.968-04:00  INFO 13812 --- [ms-nutricion] [main] com.zaxxer.hikari.HikariDataSource       : HikariPool-1 - Starting...
2026-06-23T00:02:42.081-04:00  INFO 13812 --- [ms-nutricion] [main] com.zaxxer.hikari.pool.HikariPool        : HikariPool-1 - Added connection com.mysql.cj.jdbc.ConnectionImpl@57e57dc5
2026-06-23T00:02:42.082-04:00  INFO 13812 --- [ms-nutricion] [main] com.zaxxer.hikari.HikariDataSource       : HikariPool-1 - Start completed.
2026-06-23T00:02:42.137-04:00  INFO 13812 --- [ms-nutricion] [main] org.hibernate.orm.connections.pooling    : HHH10001005: Database info:
	Database JDBC URL [jdbc:mysql://localhost:3306/db_nutricion?useSSL=false&createDatabaseIfNotExist=true&serverTimezone=UTC]
	Database driver: MySQL Connector/J
	Database dialect: MySQLDialect
	Database version: 9.7.1
	Default catalog/schema: db_nutricion/undefined
	Autocommit mode: undefined/unknown
	Isolation level: REPEATABLE_READ [default REPEATABLE_READ]
	JDBC fetch size: none
	Pool: DataSourceConnectionProvider
	Minimum pool size: undefined/unknown
	Maximum pool size: undefined/unknown
2026-06-23T00:02:42.684-04:00  INFO 13812 --- [ms-nutricion] [main] org.hibernate.orm.core                   : HHH000489: No JTA platform available (set 'hibernate.transaction.jta.platform' to enable JTA platform integration)
2026-06-23T00:02:42.723-04:00  INFO 13812 --- [ms-nutricion] [main] j.LocalContainerEntityManagerFactoryBean : Initialized JPA EntityManagerFactory for persistence unit 'default'
2026-06-23T00:02:42.776-04:00  INFO 13812 --- [ms-nutricion] [main] o.s.d.j.r.query.QueryEnhancerFactories   : Hibernate is in classpath; If applicable, HQL parser will be used.
2026-06-23T00:02:42.895-04:00  WARN 13812 --- [ms-nutricion] [main] JpaBaseConfiguration$JpaWebConfiguration : spring.jpa.open-in-view is enabled by default. Therefore, database queries may be performed during view rendering. Explicitly configure spring.jpa.open-in-view to disable this warning
2026-06-23T00:02:42.928-04:00  INFO 13812 --- [ms-nutricion] [main] o.s.v.b.OptionalValidatorFactoryBean     : Failed to set up a Bean Validation provider: jakarta.validation.NoProviderFoundException: Unable to create a Configuration, because no Jakarta Validation provider could be found. Add a provider like Hibernate Validator (RI) to your classpath.
2026-06-23T00:02:43.285-04:00  INFO 13812 --- [ms-nutricion] [main] DiscoveryClientOptionalArgsConfiguration : Eureka HTTP Client uses RestClient.
2026-06-23T00:02:43.310-04:00  WARN 13812 --- [ms-nutricion] [main] iguration$LoadBalancerCaffeineWarnLogger : Spring Cloud LoadBalancer is currently working with the default cache. While this cache implementation is useful for development and tests, it's recommended to use Caffeine cache in production.You can switch to using Caffeine cache, by adding it and org.springframework.cache.caffeine.CaffeineCacheManager to the classpath.
2026-06-23T00:02:43.354-04:00  INFO 13812 --- [ms-nutricion] [main] o.s.c.n.eureka.InstanceInfoFactory       : Setting initial instance status as: STARTING
2026-06-23T00:02:43.371-04:00  INFO 13812 --- [ms-nutricion] [main] com.netflix.discovery.DiscoveryClient    : Initializing Eureka in region us-east-1
2026-06-23T00:02:43.373-04:00  INFO 13812 --- [ms-nutricion] [main] c.n.d.s.r.aws.ConfigClusterResolver      : Resolving eureka endpoints via configuration
2026-06-23T00:02:43.379-04:00  INFO 13812 --- [ms-nutricion] [main] com.netflix.discovery.DiscoveryClient    : Disable delta property : false
2026-06-23T00:02:43.379-04:00  INFO 13812 --- [ms-nutricion] [main] com.netflix.discovery.DiscoveryClient    : Single vip registry refresh property : null
2026-06-23T00:02:43.379-04:00  INFO 13812 --- [ms-nutricion] [main] com.netflix.discovery.DiscoveryClient    : Force full registry fetch : false
2026-06-23T00:02:43.379-04:00  INFO 13812 --- [ms-nutricion] [main] com.netflix.discovery.DiscoveryClient    : Application is null : false
2026-06-23T00:02:43.379-04:00  INFO 13812 --- [ms-nutricion] [main] com.netflix.discovery.DiscoveryClient    : Registered Applications size is zero : true
2026-06-23T00:02:43.379-04:00  INFO 13812 --- [ms-nutricion] [main] com.netflix.discovery.DiscoveryClient    : Application version is -1: true
2026-06-23T00:02:43.379-04:00  INFO 13812 --- [ms-nutricion] [main] com.netflix.discovery.DiscoveryClient    : Getting all instance registry info from the eureka server
2026-06-23T00:02:43.639-04:00  INFO 13812 --- [ms-nutricion] [main] com.netflix.discovery.DiscoveryClient    : The response status is 200
2026-06-23T00:02:43.640-04:00  INFO 13812 --- [ms-nutricion] [main] com.netflix.discovery.DiscoveryClient    : Starting heartbeat executor: renew interval is: 30
2026-06-23T00:02:43.641-04:00  INFO 13812 --- [ms-nutricion] [main] c.n.discovery.InstanceInfoReplicator     : InstanceInfoReplicator onDemand update allowed rate per min is 4
2026-06-23T00:02:43.642-04:00  INFO 13812 --- [ms-nutricion] [main] com.netflix.discovery.DiscoveryClient    : Discovery Client initialized at timestamp 1782187363642 with initial instances count: 1
2026-06-23T00:02:43.645-04:00  INFO 13812 --- [ms-nutricion] [main] o.s.c.n.e.s.EurekaServiceRegistry        : Registering application MS-NUTRICION with eureka with status UP
2026-06-23T00:02:43.645-04:00  INFO 13812 --- [ms-nutricion] [main] com.netflix.discovery.DiscoveryClient    : Saw local status change event StatusChangeEvent [timestamp=1782187363645, current=UP, previous=STARTING]
2026-06-23T00:02:43.646-04:00  INFO 13812 --- [ms-nutricion] [DiscoveryClient-InstanceInfoReplicator-%d] com.netflix.discovery.DiscoveryClient    : DiscoveryClient_MS-NUTRICION/DESKTOP-NG6PCSR:ms-nutricion:8083: registering service...
2026-06-23T00:02:43.657-04:00  INFO 13812 --- [ms-nutricion] [main] o.s.boot.tomcat.TomcatWebServer          : Tomcat started on port 8083 (http) with context path '/'
2026-06-23T00:02:43.658-04:00  INFO 13812 --- [ms-nutricion] [main] .s.c.n.e.s.EurekaAutoServiceRegistration : Updating port to 8083
2026-06-23T00:02:43.667-04:00  INFO 13812 --- [ms-nutricion] [main] g.ms_nutricion.MsNutricionApplication    : Started MsNutricionApplication in 3.812 seconds (process running for 4.447)
2026-06-23T00:02:43.677-04:00  INFO 13812 --- [ms-nutricion] [DiscoveryClient-InstanceInfoReplicator-%d] com.netflix.discovery.DiscoveryClient    : DiscoveryClient_MS-NUTRICION/DESKTOP-NG6PCSR:ms-nutricion:8083 - registration status: 204
2026-06-23T00:02:43.772-04:00 DEBUG 13812 --- [ms-nutricion] [main] org.hibernate.SQL                        : insert into plan_nutricional (calorias_objetivo,descripcion,macro_nutrientes,nombre_plan) values (?,?,?,?)
2026-06-23T00:02:43.789-04:00 DEBUG 13812 --- [ms-nutricion] [main] org.hibernate.SQL                        : insert into plan_nutricional (calorias_objetivo,descripcion,macro_nutrientes,nombre_plan) values (?,?,?,?)
2026-06-23T00:02:43.790-04:00 DEBUG 13812 --- [ms-nutricion] [main] org.hibernate.SQL                        : insert into plan_nutricional (calorias_objetivo,descripcion,macro_nutrientes,nombre_plan) values (?,?,?,?)
2026-06-23T00:02:43.790-04:00 DEBUG 13812 --- [ms-nutricion] [main] org.hibernate.SQL                        : insert into plan_nutricional (calorias_objetivo,descripcion,macro_nutrientes,nombre_plan) values (?,?,?,?)
2026-06-23T00:02:43.792-04:00 DEBUG 13812 --- [ms-nutricion] [main] org.hibernate.SQL                        : insert into plan_nutricional (calorias_objetivo,descripcion,macro_nutrientes,nombre_plan) values (?,?,?,?)
2026-06-23T00:03:01.871-04:00  INFO 20208 --- [ms-nutricion] [main] g.ms_nutricion.MsNutricionApplication    : Starting MsNutricionApplication using Java 25.0.3 with PID 20208 (E:\proyectos\examen3\ms-nutricion\target\classes started by Usuario in E:\proyectos\examen3)
2026-06-23T00:03:01.873-04:00 DEBUG 20208 --- [ms-nutricion] [main] g.ms_nutricion.MsNutricionApplication    : Running with Spring Boot v4.0.6, Spring v7.0.7
2026-06-23T00:03:01.873-04:00  INFO 20208 --- [ms-nutricion] [main] g.ms_nutricion.MsNutricionApplication    : The following 1 profile is active: "dev"
2026-06-23T00:03:02.466-04:00  INFO 20208 --- [ms-nutricion] [main] .s.d.r.c.RepositoryConfigurationDelegate : Bootstrapping Spring Data JPA repositories in DEFAULT mode.
2026-06-23T00:03:02.565-04:00  INFO 20208 --- [ms-nutricion] [main] .s.d.r.c.RepositoryConfigurationDelegate : Finished Spring Data repository scanning in 92 ms. Found 1 JPA repository interface.
2026-06-23T00:03:02.724-04:00  INFO 20208 --- [ms-nutricion] [main] o.s.cloud.context.scope.GenericScope     : BeanFactory id=dccb0f15-4992-3afa-b7de-4a56f1bfacfc
2026-06-23T00:03:02.965-04:00  INFO 20208 --- [ms-nutricion] [main] o.s.boot.tomcat.TomcatWebServer          : Tomcat initialized with port 8083 (http)
2026-06-23T00:03:02.975-04:00  INFO 20208 --- [ms-nutricion] [main] o.apache.catalina.core.StandardService   : Starting service [Tomcat]
2026-06-23T00:03:02.975-04:00  INFO 20208 --- [ms-nutricion] [main] o.apache.catalina.core.StandardEngine    : Starting Servlet engine: [Apache Tomcat/11.0.21]
2026-06-23T00:03:03.024-04:00  INFO 20208 --- [ms-nutricion] [main] b.w.c.s.WebApplicationContextInitializer : Root WebApplicationContext: initialization completed in 1119 ms
2026-06-23T00:03:03.135-04:00  INFO 20208 --- [ms-nutricion] [main] org.hibernate.orm.jpa                    : HHH008540: Processing PersistenceUnitInfo [name: default]
2026-06-23T00:03:03.170-04:00  INFO 20208 --- [ms-nutricion] [main] org.hibernate.orm.core                   : HHH000001: Hibernate ORM core version 7.2.12.Final
2026-06-23T00:03:03.495-04:00  INFO 20208 --- [ms-nutricion] [main] o.s.o.j.p.SpringPersistenceUnitInfo      : No LoadTimeWeaver setup: ignoring JPA class transformer
2026-06-23T00:03:03.517-04:00  INFO 20208 --- [ms-nutricion] [main] com.zaxxer.hikari.HikariDataSource       : HikariPool-1 - Starting...
2026-06-23T00:03:03.625-04:00  INFO 20208 --- [ms-nutricion] [main] com.zaxxer.hikari.pool.HikariPool        : HikariPool-1 - Added connection com.mysql.cj.jdbc.ConnectionImpl@2e02cc37
2026-06-23T00:03:03.626-04:00  INFO 20208 --- [ms-nutricion] [main] com.zaxxer.hikari.HikariDataSource       : HikariPool-1 - Start completed.
2026-06-23T00:03:03.682-04:00  INFO 20208 --- [ms-nutricion] [main] org.hibernate.orm.connections.pooling    : HHH10001005: Database info:
	Database JDBC URL [jdbc:mysql://localhost:3306/db_nutricion?useSSL=false&createDatabaseIfNotExist=true&serverTimezone=UTC]
	Database driver: MySQL Connector/J
	Database dialect: MySQLDialect
	Database version: 9.7.1
	Default catalog/schema: db_nutricion/undefined
	Autocommit mode: undefined/unknown
	Isolation level: REPEATABLE_READ [default REPEATABLE_READ]
	JDBC fetch size: none
	Pool: DataSourceConnectionProvider
	Minimum pool size: undefined/unknown
	Maximum pool size: undefined/unknown
2026-06-23T00:03:04.236-04:00  INFO 20208 --- [ms-nutricion] [main] org.hibernate.orm.core                   : HHH000489: No JTA platform available (set 'hibernate.transaction.jta.platform' to enable JTA platform integration)
2026-06-23T00:03:04.273-04:00  INFO 20208 --- [ms-nutricion] [main] j.LocalContainerEntityManagerFactoryBean : Initialized JPA EntityManagerFactory for persistence unit 'default'
2026-06-23T00:03:04.327-04:00  INFO 20208 --- [ms-nutricion] [main] o.s.d.j.r.query.QueryEnhancerFactories   : Hibernate is in classpath; If applicable, HQL parser will be used.
2026-06-23T00:03:04.445-04:00  WARN 20208 --- [ms-nutricion] [main] JpaBaseConfiguration$JpaWebConfiguration : spring.jpa.open-in-view is enabled by default. Therefore, database queries may be performed during view rendering. Explicitly configure spring.jpa.open-in-view to disable this warning
2026-06-23T00:03:04.475-04:00  INFO 20208 --- [ms-nutricion] [main] o.s.v.b.OptionalValidatorFactoryBean     : Failed to set up a Bean Validation provider: jakarta.validation.NoProviderFoundException: Unable to create a Configuration, because no Jakarta Validation provider could be found. Add a provider like Hibernate Validator (RI) to your classpath.
2026-06-23T00:03:04.818-04:00  INFO 20208 --- [ms-nutricion] [main] DiscoveryClientOptionalArgsConfiguration : Eureka HTTP Client uses RestClient.
2026-06-23T00:03:04.842-04:00  WARN 20208 --- [ms-nutricion] [main] iguration$LoadBalancerCaffeineWarnLogger : Spring Cloud LoadBalancer is currently working with the default cache. While this cache implementation is useful for development and tests, it's recommended to use Caffeine cache in production.You can switch to using Caffeine cache, by adding it and org.springframework.cache.caffeine.CaffeineCacheManager to the classpath.
2026-06-23T00:03:04.886-04:00  INFO 20208 --- [ms-nutricion] [main] o.s.c.n.eureka.InstanceInfoFactory       : Setting initial instance status as: STARTING
2026-06-23T00:03:04.902-04:00  INFO 20208 --- [ms-nutricion] [main] com.netflix.discovery.DiscoveryClient    : Initializing Eureka in region us-east-1
2026-06-23T00:03:04.904-04:00  INFO 20208 --- [ms-nutricion] [main] c.n.d.s.r.aws.ConfigClusterResolver      : Resolving eureka endpoints via configuration
2026-06-23T00:03:04.910-04:00  INFO 20208 --- [ms-nutricion] [main] com.netflix.discovery.DiscoveryClient    : Disable delta property : false
2026-06-23T00:03:04.910-04:00  INFO 20208 --- [ms-nutricion] [main] com.netflix.discovery.DiscoveryClient    : Single vip registry refresh property : null
2026-06-23T00:03:04.910-04:00  INFO 20208 --- [ms-nutricion] [main] com.netflix.discovery.DiscoveryClient    : Force full registry fetch : false
2026-06-23T00:03:04.910-04:00  INFO 20208 --- [ms-nutricion] [main] com.netflix.discovery.DiscoveryClient    : Application is null : false
2026-06-23T00:03:04.910-04:00  INFO 20208 --- [ms-nutricion] [main] com.netflix.discovery.DiscoveryClient    : Registered Applications size is zero : true
2026-06-23T00:03:04.910-04:00  INFO 20208 --- [ms-nutricion] [main] com.netflix.discovery.DiscoveryClient    : Application version is -1: true
2026-06-23T00:03:04.910-04:00  INFO 20208 --- [ms-nutricion] [main] com.netflix.discovery.DiscoveryClient    : Getting all instance registry info from the eureka server
2026-06-23T00:03:05.166-04:00  INFO 20208 --- [ms-nutricion] [main] com.netflix.discovery.DiscoveryClient    : The response status is 200
2026-06-23T00:03:05.166-04:00  INFO 20208 --- [ms-nutricion] [main] com.netflix.discovery.DiscoveryClient    : Starting heartbeat executor: renew interval is: 30
2026-06-23T00:03:05.167-04:00  INFO 20208 --- [ms-nutricion] [main] c.n.discovery.InstanceInfoReplicator     : InstanceInfoReplicator onDemand update allowed rate per min is 4
2026-06-23T00:03:05.169-04:00  INFO 20208 --- [ms-nutricion] [main] com.netflix.discovery.DiscoveryClient    : Discovery Client initialized at timestamp 1782187385168 with initial instances count: 2
2026-06-23T00:03:05.171-04:00  INFO 20208 --- [ms-nutricion] [main] o.s.c.n.e.s.EurekaServiceRegistry        : Registering application MS-NUTRICION with eureka with status UP
2026-06-23T00:03:05.171-04:00  INFO 20208 --- [ms-nutricion] [main] com.netflix.discovery.DiscoveryClient    : Saw local status change event StatusChangeEvent [timestamp=1782187385171, current=UP, previous=STARTING]
2026-06-23T00:03:05.172-04:00  INFO 20208 --- [ms-nutricion] [DiscoveryClient-InstanceInfoReplicator-%d] com.netflix.discovery.DiscoveryClient    : DiscoveryClient_MS-NUTRICION/DESKTOP-NG6PCSR:ms-nutricion:8083: registering service...
2026-06-23T00:03:05.176-04:00  INFO 20208 --- [ms-nutricion] [main] o.s.c.n.e.s.EurekaServiceRegistry        : Unregistering application MS-NUTRICION with eureka with status DOWN
2026-06-23T00:03:05.181-04:00  INFO 20208 --- [ms-nutricion] [main] com.netflix.discovery.DiscoveryClient    : Saw local status change event StatusChangeEvent [timestamp=1782187385181, current=DOWN, previous=UP]
2026-06-23T00:03:05.181-04:00  WARN 20208 --- [ms-nutricion] [main] ConfigServletWebServerApplicationContext : Exception encountered during context initialization - cancelling refresh attempt: org.springframework.context.ApplicationContextException: Failed to start bean 'webServerStartStop'
2026-06-23T00:03:05.184-04:00  INFO 20208 --- [ms-nutricion] [main] j.LocalContainerEntityManagerFactoryBean : Closing JPA EntityManagerFactory for persistence unit 'default'
2026-06-23T00:03:05.185-04:00  INFO 20208 --- [ms-nutricion] [main] com.zaxxer.hikari.HikariDataSource       : HikariPool-1 - Shutdown initiated...
2026-06-23T00:03:05.190-04:00  INFO 20208 --- [ms-nutricion] [main] com.zaxxer.hikari.HikariDataSource       : HikariPool-1 - Shutdown completed.
2026-06-23T00:03:05.191-04:00  INFO 20208 --- [ms-nutricion] [main] com.netflix.discovery.DiscoveryClient    : Shutting down DiscoveryClient ...
2026-06-23T00:03:05.205-04:00  INFO 20208 --- [ms-nutricion] [DiscoveryClient-InstanceInfoReplicator-%d] com.netflix.discovery.DiscoveryClient    : DiscoveryClient_MS-NUTRICION/DESKTOP-NG6PCSR:ms-nutricion:8083 - registration status: 204
2026-06-23T00:03:05.205-04:00  INFO 20208 --- [ms-nutricion] [DiscoveryClient-InstanceInfoReplicator-%d] com.netflix.discovery.DiscoveryClient    : DiscoveryClient_MS-NUTRICION/DESKTOP-NG6PCSR:ms-nutricion:8083: registering service...
2026-06-23T00:03:05.208-04:00  INFO 20208 --- [ms-nutricion] [DiscoveryClient-InstanceInfoReplicator-%d] com.netflix.discovery.DiscoveryClient    : DiscoveryClient_MS-NUTRICION/DESKTOP-NG6PCSR:ms-nutricion:8083 - registration status: 204
2026-06-23T00:03:05.208-04:00  INFO 20208 --- [ms-nutricion] [main] com.netflix.discovery.DiscoveryClient    : Unregistering ...
2026-06-23T00:03:05.213-04:00  INFO 20208 --- [ms-nutricion] [main] com.netflix.discovery.DiscoveryClient    : DiscoveryClient_MS-NUTRICION/DESKTOP-NG6PCSR:ms-nutricion:8083 - deregister  status: 200
2026-06-23T00:03:05.213-04:00  INFO 20208 --- [ms-nutricion] [main] com.netflix.discovery.DiscoveryClient    : Completed shut down of DiscoveryClient
2026-06-23T00:03:05.221-04:00  INFO 20208 --- [ms-nutricion] [main] .s.b.a.l.ConditionEvaluationReportLogger : 

Error starting ApplicationContext. To display the condition evaluation report re-run your application with 'debug' enabled.
2026-06-23T00:03:05.230-04:00 ERROR 20208 --- [ms-nutricion] [main] o.s.b.d.LoggingFailureAnalysisReporter   : 

***************************
APPLICATION FAILED TO START
***************************

Description:

Web server failed to start. Port 8083 was already in use.

Action:

Identify and stop the process that's listening on port 8083 or configure this application to listen on another port.

2026-06-23T00:03:13.652-04:00  INFO 13812 --- [ms-nutricion] [DiscoveryClient-HeartbeatExecutor-%d] com.netflix.discovery.DiscoveryClient    : DiscoveryClient_MS-NUTRICION/DESKTOP-NG6PCSR:ms-nutricion:8083 - Re-registering apps/MS-NUTRICION
2026-06-23T00:03:13.653-04:00  INFO 13812 --- [ms-nutricion] [DiscoveryClient-HeartbeatExecutor-%d] com.netflix.discovery.DiscoveryClient    : DiscoveryClient_MS-NUTRICION/DESKTOP-NG6PCSR:ms-nutricion:8083: registering service...
2026-06-23T00:03:13.656-04:00  INFO 13812 --- [ms-nutricion] [DiscoveryClient-HeartbeatExecutor-%d] com.netflix.discovery.DiscoveryClient    : DiscoveryClient_MS-NUTRICION/DESKTOP-NG6PCSR:ms-nutricion:8083 - registration status: 204
2026-06-23T00:05:20.668-04:00  INFO 13812 --- [ms-nutricion] [SpringApplicationShutdownHook] o.s.c.n.e.s.EurekaServiceRegistry        : Unregistering application MS-NUTRICION with eureka with status DOWN
2026-06-23T00:05:20.668-04:00  INFO 13812 --- [ms-nutricion] [SpringApplicationShutdownHook] com.netflix.discovery.DiscoveryClient    : Saw local status change event StatusChangeEvent [timestamp=1782187520668, current=DOWN, previous=UP]
2026-06-23T00:05:20.669-04:00  INFO 13812 --- [ms-nutricion] [DiscoveryClient-InstanceInfoReplicator-%d] com.netflix.discovery.DiscoveryClient    : DiscoveryClient_MS-NUTRICION/DESKTOP-NG6PCSR:ms-nutricion:8083: registering service...
2026-06-23T00:05:20.671-04:00  INFO 13812 --- [ms-nutricion] [SpringApplicationShutdownHook] o.s.boot.tomcat.GracefulShutdown         : Commencing graceful shutdown. Waiting for active requests to complete
2026-06-23T00:05:20.673-04:00  INFO 13812 --- [ms-nutricion] [DiscoveryClient-InstanceInfoReplicator-%d] com.netflix.discovery.DiscoveryClient    : DiscoveryClient_MS-NUTRICION/DESKTOP-NG6PCSR:ms-nutricion:8083 - registration status: 204
2026-06-23T00:05:20.674-04:00  INFO 13812 --- [ms-nutricion] [tomcat-shutdown] o.s.boot.tomcat.GracefulShutdown         : Graceful shutdown complete
2026-06-23T00:05:20.677-04:00  INFO 13812 --- [ms-nutricion] [SpringApplicationShutdownHook] j.LocalContainerEntityManagerFactoryBean : Closing JPA EntityManagerFactory for persistence unit 'default'
2026-06-23T00:05:20.679-04:00  INFO 13812 --- [ms-nutricion] [SpringApplicationShutdownHook] com.zaxxer.hikari.HikariDataSource       : HikariPool-1 - Shutdown initiated...
2026-06-23T00:05:20.683-04:00  INFO 13812 --- [ms-nutricion] [SpringApplicationShutdownHook] com.zaxxer.hikari.HikariDataSource       : HikariPool-1 - Shutdown completed.
2026-06-23T00:05:20.683-04:00  INFO 13812 --- [ms-nutricion] [SpringApplicationShutdownHook] com.netflix.discovery.DiscoveryClient    : Shutting down DiscoveryClient ...
2026-06-23T00:05:23.685-04:00  INFO 13812 --- [ms-nutricion] [SpringApplicationShutdownHook] com.netflix.discovery.DiscoveryClient    : Unregistering ...
2026-06-23T00:05:23.690-04:00  INFO 13812 --- [ms-nutricion] [SpringApplicationShutdownHook] com.netflix.discovery.DiscoveryClient    : DiscoveryClient_MS-NUTRICION/DESKTOP-NG6PCSR:ms-nutricion:8083 - deregister  status: 200
2026-06-23T00:05:23.690-04:00  INFO 13812 --- [ms-nutricion] [SpringApplicationShutdownHook] com.netflix.discovery.DiscoveryClient    : Completed shut down of DiscoveryClient
2026-06-23T00:05:25.855-04:00  INFO 8108 --- [ms-nutricion] [main] g.ms_nutricion.MsNutricionApplication    : Starting MsNutricionApplication using Java 25.0.3 with PID 8108 (E:\proyectos\examen3\ms-nutricion\target\classes started by Usuario in E:\proyectos\examen3)
2026-06-23T00:05:25.857-04:00 DEBUG 8108 --- [ms-nutricion] [main] g.ms_nutricion.MsNutricionApplication    : Running with Spring Boot v4.0.6, Spring v7.0.7
2026-06-23T00:05:25.858-04:00  INFO 8108 --- [ms-nutricion] [main] g.ms_nutricion.MsNutricionApplication    : The following 1 profile is active: "dev"
2026-06-23T00:05:26.460-04:00  INFO 8108 --- [ms-nutricion] [main] .s.d.r.c.RepositoryConfigurationDelegate : Bootstrapping Spring Data JPA repositories in DEFAULT mode.
2026-06-23T00:05:26.558-04:00  INFO 8108 --- [ms-nutricion] [main] .s.d.r.c.RepositoryConfigurationDelegate : Finished Spring Data repository scanning in 92 ms. Found 1 JPA repository interface.
2026-06-23T00:05:26.724-04:00  INFO 8108 --- [ms-nutricion] [main] o.s.cloud.context.scope.GenericScope     : BeanFactory id=dccb0f15-4992-3afa-b7de-4a56f1bfacfc
2026-06-23T00:05:26.969-04:00  INFO 8108 --- [ms-nutricion] [main] o.s.boot.tomcat.TomcatWebServer          : Tomcat initialized with port 8083 (http)
2026-06-23T00:05:26.979-04:00  INFO 8108 --- [ms-nutricion] [main] o.apache.catalina.core.StandardService   : Starting service [Tomcat]
2026-06-23T00:05:26.979-04:00  INFO 8108 --- [ms-nutricion] [main] o.apache.catalina.core.StandardEngine    : Starting Servlet engine: [Apache Tomcat/11.0.21]
2026-06-23T00:05:27.026-04:00  INFO 8108 --- [ms-nutricion] [main] b.w.c.s.WebApplicationContextInitializer : Root WebApplicationContext: initialization completed in 1136 ms
2026-06-23T00:05:27.141-04:00  INFO 8108 --- [ms-nutricion] [main] org.hibernate.orm.jpa                    : HHH008540: Processing PersistenceUnitInfo [name: default]
2026-06-23T00:05:27.175-04:00  INFO 8108 --- [ms-nutricion] [main] org.hibernate.orm.core                   : HHH000001: Hibernate ORM core version 7.2.12.Final
2026-06-23T00:05:27.488-04:00  INFO 8108 --- [ms-nutricion] [main] o.s.o.j.p.SpringPersistenceUnitInfo      : No LoadTimeWeaver setup: ignoring JPA class transformer
2026-06-23T00:05:27.515-04:00  INFO 8108 --- [ms-nutricion] [main] com.zaxxer.hikari.HikariDataSource       : HikariPool-1 - Starting...
2026-06-23T00:05:27.621-04:00  INFO 8108 --- [ms-nutricion] [main] com.zaxxer.hikari.pool.HikariPool        : HikariPool-1 - Added connection com.mysql.cj.jdbc.ConnectionImpl@7f5e9949
2026-06-23T00:05:27.622-04:00  INFO 8108 --- [ms-nutricion] [main] com.zaxxer.hikari.HikariDataSource       : HikariPool-1 - Start completed.
2026-06-23T00:05:27.678-04:00  INFO 8108 --- [ms-nutricion] [main] org.hibernate.orm.connections.pooling    : HHH10001005: Database info:
	Database JDBC URL [jdbc:mysql://localhost:3306/db_nutricion?useSSL=false&createDatabaseIfNotExist=true&serverTimezone=UTC]
	Database driver: MySQL Connector/J
	Database dialect: MySQLDialect
	Database version: 9.7.1
	Default catalog/schema: db_nutricion/undefined
	Autocommit mode: undefined/unknown
	Isolation level: REPEATABLE_READ [default REPEATABLE_READ]
	JDBC fetch size: none
	Pool: DataSourceConnectionProvider
	Minimum pool size: undefined/unknown
	Maximum pool size: undefined/unknown
2026-06-23T00:05:28.238-04:00  INFO 8108 --- [ms-nutricion] [main] org.hibernate.orm.core                   : HHH000489: No JTA platform available (set 'hibernate.transaction.jta.platform' to enable JTA platform integration)
2026-06-23T00:05:28.276-04:00  INFO 8108 --- [ms-nutricion] [main] j.LocalContainerEntityManagerFactoryBean : Initialized JPA EntityManagerFactory for persistence unit 'default'
2026-06-23T00:05:28.331-04:00  INFO 8108 --- [ms-nutricion] [main] o.s.d.j.r.query.QueryEnhancerFactories   : Hibernate is in classpath; If applicable, HQL parser will be used.
2026-06-23T00:05:28.446-04:00  WARN 8108 --- [ms-nutricion] [main] JpaBaseConfiguration$JpaWebConfiguration : spring.jpa.open-in-view is enabled by default. Therefore, database queries may be performed during view rendering. Explicitly configure spring.jpa.open-in-view to disable this warning
2026-06-23T00:05:28.476-04:00  INFO 8108 --- [ms-nutricion] [main] o.s.v.b.OptionalValidatorFactoryBean     : Failed to set up a Bean Validation provider: jakarta.validation.NoProviderFoundException: Unable to create a Configuration, because no Jakarta Validation provider could be found. Add a provider like Hibernate Validator (RI) to your classpath.
2026-06-23T00:05:28.851-04:00  INFO 8108 --- [ms-nutricion] [main] DiscoveryClientOptionalArgsConfiguration : Eureka HTTP Client uses RestClient.
2026-06-23T00:05:28.880-04:00  WARN 8108 --- [ms-nutricion] [main] iguration$LoadBalancerCaffeineWarnLogger : Spring Cloud LoadBalancer is currently working with the default cache. While this cache implementation is useful for development and tests, it's recommended to use Caffeine cache in production.You can switch to using Caffeine cache, by adding it and org.springframework.cache.caffeine.CaffeineCacheManager to the classpath.
2026-06-23T00:05:28.932-04:00  INFO 8108 --- [ms-nutricion] [main] o.s.c.n.eureka.InstanceInfoFactory       : Setting initial instance status as: STARTING
2026-06-23T00:05:28.955-04:00  INFO 8108 --- [ms-nutricion] [main] com.netflix.discovery.DiscoveryClient    : Initializing Eureka in region us-east-1
2026-06-23T00:05:28.957-04:00  INFO 8108 --- [ms-nutricion] [main] c.n.d.s.r.aws.ConfigClusterResolver      : Resolving eureka endpoints via configuration
2026-06-23T00:05:28.963-04:00  INFO 8108 --- [ms-nutricion] [main] com.netflix.discovery.DiscoveryClient    : Disable delta property : false
2026-06-23T00:05:28.963-04:00  INFO 8108 --- [ms-nutricion] [main] com.netflix.discovery.DiscoveryClient    : Single vip registry refresh property : null
2026-06-23T00:05:28.963-04:00  INFO 8108 --- [ms-nutricion] [main] com.netflix.discovery.DiscoveryClient    : Force full registry fetch : false
2026-06-23T00:05:28.963-04:00  INFO 8108 --- [ms-nutricion] [main] com.netflix.discovery.DiscoveryClient    : Application is null : false
2026-06-23T00:05:28.963-04:00  INFO 8108 --- [ms-nutricion] [main] com.netflix.discovery.DiscoveryClient    : Registered Applications size is zero : true
2026-06-23T00:05:28.963-04:00  INFO 8108 --- [ms-nutricion] [main] com.netflix.discovery.DiscoveryClient    : Application version is -1: true
2026-06-23T00:05:28.963-04:00  INFO 8108 --- [ms-nutricion] [main] com.netflix.discovery.DiscoveryClient    : Getting all instance registry info from the eureka server
2026-06-23T00:05:29.221-04:00  INFO 8108 --- [ms-nutricion] [main] com.netflix.discovery.DiscoveryClient    : The response status is 200
2026-06-23T00:05:29.222-04:00  INFO 8108 --- [ms-nutricion] [main] com.netflix.discovery.DiscoveryClient    : Starting heartbeat executor: renew interval is: 30
2026-06-23T00:05:29.223-04:00  INFO 8108 --- [ms-nutricion] [main] c.n.discovery.InstanceInfoReplicator     : InstanceInfoReplicator onDemand update allowed rate per min is 4
2026-06-23T00:05:29.224-04:00  INFO 8108 --- [ms-nutricion] [main] com.netflix.discovery.DiscoveryClient    : Discovery Client initialized at timestamp 1782187529224 with initial instances count: 7
2026-06-23T00:05:29.227-04:00  INFO 8108 --- [ms-nutricion] [main] o.s.c.n.e.s.EurekaServiceRegistry        : Registering application MS-NUTRICION with eureka with status UP
2026-06-23T00:05:29.227-04:00  INFO 8108 --- [ms-nutricion] [main] com.netflix.discovery.DiscoveryClient    : Saw local status change event StatusChangeEvent [timestamp=1782187529227, current=UP, previous=STARTING]
2026-06-23T00:05:29.228-04:00  INFO 8108 --- [ms-nutricion] [DiscoveryClient-InstanceInfoReplicator-%d] com.netflix.discovery.DiscoveryClient    : DiscoveryClient_MS-NUTRICION/DESKTOP-NG6PCSR:ms-nutricion:8083: registering service...
2026-06-23T00:05:29.238-04:00  INFO 8108 --- [ms-nutricion] [main] o.s.boot.tomcat.TomcatWebServer          : Tomcat started on port 8083 (http) with context path '/'
2026-06-23T00:05:29.239-04:00  INFO 8108 --- [ms-nutricion] [main] .s.c.n.e.s.EurekaAutoServiceRegistration : Updating port to 8083
2026-06-23T00:05:29.247-04:00  INFO 8108 --- [ms-nutricion] [main] g.ms_nutricion.MsNutricionApplication    : Started MsNutricionApplication in 3.768 seconds (process running for 4.475)
2026-06-23T00:05:29.254-04:00  INFO 8108 --- [ms-nutricion] [DiscoveryClient-InstanceInfoReplicator-%d] com.netflix.discovery.DiscoveryClient    : DiscoveryClient_MS-NUTRICION/DESKTOP-NG6PCSR:ms-nutricion:8083 - registration status: 204
2026-06-23T00:05:29.346-04:00 DEBUG 8108 --- [ms-nutricion] [main] org.hibernate.SQL                        : insert into plan_nutricional (calorias_objetivo,descripcion,macro_nutrientes,nombre_plan) values (?,?,?,?)
2026-06-23T00:05:29.362-04:00 DEBUG 8108 --- [ms-nutricion] [main] org.hibernate.SQL                        : insert into plan_nutricional (calorias_objetivo,descripcion,macro_nutrientes,nombre_plan) values (?,?,?,?)
2026-06-23T00:05:29.363-04:00 DEBUG 8108 --- [ms-nutricion] [main] org.hibernate.SQL                        : insert into plan_nutricional (calorias_objetivo,descripcion,macro_nutrientes,nombre_plan) values (?,?,?,?)
2026-06-23T00:05:29.364-04:00 DEBUG 8108 --- [ms-nutricion] [main] org.hibernate.SQL                        : insert into plan_nutricional (calorias_objetivo,descripcion,macro_nutrientes,nombre_plan) values (?,?,?,?)
2026-06-23T00:05:29.365-04:00 DEBUG 8108 --- [ms-nutricion] [main] org.hibernate.SQL                        : insert into plan_nutricional (calorias_objetivo,descripcion,macro_nutrientes,nombre_plan) values (?,?,?,?)
2026-06-23T00:10:28.966-04:00  INFO 8108 --- [ms-nutricion] [AsyncResolver-bootstrap-executor-%d] c.n.d.s.r.aws.ConfigClusterResolver      : Resolving eureka endpoints via configuration
2026-06-23T00:15:28.967-04:00  INFO 8108 --- [ms-nutricion] [AsyncResolver-bootstrap-executor-%d] c.n.d.s.r.aws.ConfigClusterResolver      : Resolving eureka endpoints via configuration
2026-06-23T00:20:28.968-04:00  INFO 8108 --- [ms-nutricion] [AsyncResolver-bootstrap-executor-%d] c.n.d.s.r.aws.ConfigClusterResolver      : Resolving eureka endpoints via configuration
2026-06-23T00:25:28.970-04:00  INFO 8108 --- [ms-nutricion] [AsyncResolver-bootstrap-executor-%d] c.n.d.s.r.aws.ConfigClusterResolver      : Resolving eureka endpoints via configuration
2026-06-23T00:30:28.971-04:00  INFO 8108 --- [ms-nutricion] [AsyncResolver-bootstrap-executor-%d] c.n.d.s.r.aws.ConfigClusterResolver      : Resolving eureka endpoints via configuration
2026-06-23T00:35:28.971-04:00  INFO 8108 --- [ms-nutricion] [AsyncResolver-bootstrap-executor-%d] c.n.d.s.r.aws.ConfigClusterResolver      : Resolving eureka endpoints via configuration
2026-06-23T00:40:28.973-04:00  INFO 8108 --- [ms-nutricion] [AsyncResolver-bootstrap-executor-%d] c.n.d.s.r.aws.ConfigClusterResolver      : Resolving eureka endpoints via configuration
2026-06-23T00:45:28.974-04:00  INFO 8108 --- [ms-nutricion] [AsyncResolver-bootstrap-executor-%d] c.n.d.s.r.aws.ConfigClusterResolver      : Resolving eureka endpoints via configuration
2026-06-23T00:50:28.976-04:00  INFO 8108 --- [ms-nutricion] [AsyncResolver-bootstrap-executor-%d] c.n.d.s.r.aws.ConfigClusterResolver      : Resolving eureka endpoints via configuration
2026-06-23T00:51:53.992-04:00  INFO 8108 --- [ms-nutricion] [SpringApplicationShutdownHook] o.s.c.n.e.s.EurekaServiceRegistry        : Unregistering application MS-NUTRICION with eureka with status DOWN
2026-06-23T00:51:53.993-04:00  INFO 8108 --- [ms-nutricion] [SpringApplicationShutdownHook] com.netflix.discovery.DiscoveryClient    : Saw local status change event StatusChangeEvent [timestamp=1782190313993, current=DOWN, previous=UP]
2026-06-23T00:51:53.993-04:00  INFO 8108 --- [ms-nutricion] [DiscoveryClient-InstanceInfoReplicator-%d] com.netflix.discovery.DiscoveryClient    : DiscoveryClient_MS-NUTRICION/DESKTOP-NG6PCSR:ms-nutricion:8083: registering service...
2026-06-23T00:51:53.997-04:00  INFO 8108 --- [ms-nutricion] [SpringApplicationShutdownHook] o.s.boot.tomcat.GracefulShutdown         : Commencing graceful shutdown. Waiting for active requests to complete
2026-06-23T00:51:54.005-04:00  INFO 8108 --- [ms-nutricion] [DiscoveryClient-InstanceInfoReplicator-%d] c.n.d.s.t.d.RedirectingEurekaHttpClient  : Request execution error. endpoint=DefaultEndpoint{ serviceUrl='http://localhost:8761/eureka/} exception=I/O error on POST request for "http://localhost:8761/eureka/apps/MS-NUTRICION": Connect to http://localhost:8761 failed: Connection refused: getsockopt stacktrace=org.springframework.web.client.ResourceAccessException: I/O error on POST request for "http://localhost:8761/eureka/apps/MS-NUTRICION": Connect to http://localhost:8761 failed: Connection refused: getsockopt
	at org.springframework.web.client.DefaultRestClient$DefaultRequestBodyUriSpec.createResourceAccessException(DefaultRestClient.java:779)
	at org.springframework.web.client.DefaultRestClient$DefaultRequestBodyUriSpec.exchangeInternal(DefaultRestClient.java:624)
	at org.springframework.web.client.DefaultRestClient$DefaultRequestBodyUriSpec.exchange(DefaultRestClient.java:572)
	at org.springframework.web.client.RestClient$RequestHeadersSpec.exchange(RestClient.java:747)
	at org.springframework.web.client.DefaultRestClient$DefaultResponseSpec.executeAndExtract(DefaultRestClient.java:924)
	at org.springframework.web.client.DefaultRestClient$DefaultResponseSpec.toBodilessEntity(DefaultRestClient.java:888)
	at org.springframework.cloud.netflix.eureka.http.RestClientEurekaHttpClient.register(RestClientEurekaHttpClient.java:64)
	at com.netflix.discovery.shared.transport.decorator.EurekaHttpClientDecorator$1.execute(EurekaHttpClientDecorator.java:59)
	at com.netflix.discovery.shared.transport.decorator.RedirectingEurekaHttpClient.execute(RedirectingEurekaHttpClient.java:91)
	at com.netflix.discovery.shared.transport.decorator.EurekaHttpClientDecorator.register(EurekaHttpClientDecorator.java:56)
	at com.netflix.discovery.shared.transport.decorator.EurekaHttpClientDecorator$1.execute(EurekaHttpClientDecorator.java:59)
	at com.netflix.discovery.shared.transport.decorator.RetryableEurekaHttpClient.execute(RetryableEurekaHttpClient.java:120)
	at com.netflix.discovery.shared.transport.decorator.EurekaHttpClientDecorator.register(EurekaHttpClientDecorator.java:56)
	at com.netflix.discovery.shared.transport.decorator.EurekaHttpClientDecorator$1.execute(EurekaHttpClientDecorator.java:59)
	at com.netflix.discovery.shared.transport.decorator.SessionedEurekaHttpClient.execute(SessionedEurekaHttpClient.java:76)
	at com.netflix.discovery.shared.transport.decorator.EurekaHttpClientDecorator.register(EurekaHttpClientDecorator.java:56)
	at com.netflix.discovery.DiscoveryClient.register(DiscoveryClient.java:828)
	at com.netflix.discovery.InstanceInfoReplicator.run(InstanceInfoReplicator.java:125)
	at com.netflix.discovery.InstanceInfoReplicator$2.run(InstanceInfoReplicator.java:105)
	at java.base/java.util.concurrent.Executors$RunnableAdapter.call(Executors.java:545)
	at java.base/java.util.concurrent.FutureTask.run(FutureTask.java:328)
	at java.base/java.util.concurrent.ScheduledThreadPoolExecutor$ScheduledFutureTask.run(ScheduledThreadPoolExecutor.java:309)
	at java.base/java.util.concurrent.ThreadPoolExecutor.runWorker(ThreadPoolExecutor.java:1090)
	at java.base/java.util.concurrent.ThreadPoolExecutor$Worker.run(ThreadPoolExecutor.java:614)
	at java.base/java.lang.Thread.run(Thread.java:1474)
Caused by: org.apache.hc.client5.http.HttpHostConnectException: Connect to http://localhost:8761 failed: Connection refused: getsockopt
	at java.base/sun.nio.ch.Net.pollConnect(Native Method)
	at java.base/sun.nio.ch.Net.pollConnectNow(Net.java:639)
	at java.base/sun.nio.ch.NioSocketImpl.timedFinishConnect(NioSocketImpl.java:543)
	at java.base/sun.nio.ch.NioSocketImpl.connect(NioSocketImpl.java:594)
	at java.base/java.net.SocksSocketImpl.connect(SocksSocketImpl.java:284)
	at java.base/java.net.Socket.connect(Socket.java:659)
	at org.apache.hc.client5.http.impl.io.DefaultHttpClientConnectionOperator.connect(DefaultHttpClientConnectionOperator.java:226)
	at org.apache.hc.client5.http.impl.io.PoolingHttpClientConnectionManager.connect(PoolingHttpClientConnectionManager.java:497)
	at org.apache.hc.client5.http.impl.classic.InternalExecRuntime.connectEndpoint(InternalExecRuntime.java:164)
	at org.apache.hc.client5.http.impl.classic.InternalExecRuntime.connectEndpoint(InternalExecRuntime.java:174)
	at org.apache.hc.client5.http.impl.classic.ConnectExec.execute(ConnectExec.java:144)
	at org.apache.hc.client5.http.impl.classic.ExecChainElement.execute(ExecChainElement.java:51)
	at org.apache.hc.client5.http.impl.classic.ProtocolExec.execute(ProtocolExec.java:195)
	at org.apache.hc.client5.http.impl.classic.ExecChainElement.execute(ExecChainElement.java:51)
	at org.apache.hc.client5.http.impl.classic.ContentCompressionExec.execute(ContentCompressionExec.java:168)
	at org.apache.hc.client5.http.impl.classic.ExecChainElement.execute(ExecChainElement.java:51)
	at org.apache.hc.client5.http.impl.classic.HttpRequestRetryExec.execute(HttpRequestRetryExec.java:112)
	at org.apache.hc.client5.http.impl.classic.ExecChainElement.execute(ExecChainElement.java:51)
	at org.apache.hc.client5.http.impl.classic.RedirectExec.execute(RedirectExec.java:110)
	at org.apache.hc.client5.http.impl.classic.ExecChainElement.execute(ExecChainElement.java:51)
	at org.apache.hc.client5.http.impl.classic.InternalHttpClient.doExecute(InternalHttpClient.java:185)
	at org.apache.hc.client5.http.impl.classic.CloseableHttpClient.execute(CloseableHttpClient.java:87)
	at org.apache.hc.client5.http.impl.classic.CloseableHttpClient.execute(CloseableHttpClient.java:55)
	at org.apache.hc.client5.http.classic.HttpClient.executeOpen(HttpClient.java:183)
	at org.springframework.http.client.HttpComponentsClientHttpRequest.executeInternal(HttpComponentsClientHttpRequest.java:99)
	at org.springframework.http.client.AbstractStreamingClientHttpRequest.executeInternal(AbstractStreamingClientHttpRequest.java:87)
	at org.springframework.http.client.AbstractClientHttpRequest.execute(AbstractClientHttpRequest.java:80)
	at org.springframework.http.client.AbstractBufferingClientHttpRequest.executeWithRequestAndBody(AbstractBufferingClientHttpRequest.java:89)
	at org.springframework.http.client.InterceptingClientHttpRequest$EndOfChainRequestExecution.execute(InterceptingClientHttpRequest.java:102)
	at org.springframework.cloud.netflix.eureka.http.RestClientTransportClientFactory.lambda$newClient$2(RestClientTransportClientFactory.java:98)
	at org.springframework.http.client.ClientHttpRequestInterceptor.lambda$apply$0(ClientHttpRequestInterceptor.java:89)
	at org.springframework.http.client.InterceptingClientHttpRequest.executeInternal(InterceptingClientHttpRequest.java:73)
	at org.springframework.http.client.AbstractBufferingClientHttpRequest.executeInternal(AbstractBufferingClientHttpRequest.java:50)
	at org.springframework.http.client.AbstractClientHttpRequest.execute(AbstractClientHttpRequest.java:80)
	at org.springframework.web.client.DefaultRestClient$DefaultRequestBodyUriSpec.exchangeInternal(DefaultRestClient.java:614)
	... 23 more

2026-06-23T00:51:54.005-04:00  WARN 8108 --- [ms-nutricion] [DiscoveryClient-InstanceInfoReplicator-%d] c.n.d.s.t.d.RetryableEurekaHttpClient    : Request execution failed with message: I/O error on POST request for "http://localhost:8761/eureka/apps/MS-NUTRICION": Connect to http://localhost:8761 failed: Connection refused: getsockopt
2026-06-23T00:51:54.009-04:00  INFO 8108 --- [ms-nutricion] [tomcat-shutdown] o.s.boot.tomcat.GracefulShutdown         : Graceful shutdown complete
2026-06-23T00:51:54.018-04:00  INFO 8108 --- [ms-nutricion] [SpringApplicationShutdownHook] j.LocalContainerEntityManagerFactoryBean : Closing JPA EntityManagerFactory for persistence unit 'default'
2026-06-23T00:51:54.021-04:00  INFO 8108 --- [ms-nutricion] [DiscoveryClient-InstanceInfoReplicator-%d] c.n.d.s.t.d.RedirectingEurekaHttpClient  : Request execution error. endpoint=DefaultEndpoint{ serviceUrl='http://localhost:8761/eureka/}, exception=I/O error on POST request for "http://localhost:8761/eureka/apps/MS-NUTRICION": Connect to http://localhost:8761 failed: Connection refused: getsockopt stacktrace=org.springframework.web.client.ResourceAccessException: I/O error on POST request for "http://localhost:8761/eureka/apps/MS-NUTRICION": Connect to http://localhost:8761 failed: Connection refused: getsockopt
	at org.springframework.web.client.DefaultRestClient$DefaultRequestBodyUriSpec.createResourceAccessException(DefaultRestClient.java:779)
	at org.springframework.web.client.DefaultRestClient$DefaultRequestBodyUriSpec.exchangeInternal(DefaultRestClient.java:624)
	at org.springframework.web.client.DefaultRestClient$DefaultRequestBodyUriSpec.exchange(DefaultRestClient.java:572)
	at org.springframework.web.client.RestClient$RequestHeadersSpec.exchange(RestClient.java:747)
	at org.springframework.web.client.DefaultRestClient$DefaultResponseSpec.executeAndExtract(DefaultRestClient.java:924)
	at org.springframework.web.client.DefaultRestClient$DefaultResponseSpec.toBodilessEntity(DefaultRestClient.java:888)
	at org.springframework.cloud.netflix.eureka.http.RestClientEurekaHttpClient.register(RestClientEurekaHttpClient.java:64)
	at com.netflix.discovery.shared.transport.decorator.EurekaHttpClientDecorator$1.execute(EurekaHttpClientDecorator.java:59)
	at com.netflix.discovery.shared.transport.decorator.RedirectingEurekaHttpClient.executeOnNewServer(RedirectingEurekaHttpClient.java:121)
	at com.netflix.discovery.shared.transport.decorator.RedirectingEurekaHttpClient.execute(RedirectingEurekaHttpClient.java:80)
	at com.netflix.discovery.shared.transport.decorator.EurekaHttpClientDecorator.register(EurekaHttpClientDecorator.java:56)
	at com.netflix.discovery.shared.transport.decorator.EurekaHttpClientDecorator$1.execute(EurekaHttpClientDecorator.java:59)
	at com.netflix.discovery.shared.transport.decorator.RetryableEurekaHttpClient.execute(RetryableEurekaHttpClient.java:120)
	at com.netflix.discovery.shared.transport.decorator.EurekaHttpClientDecorator.register(EurekaHttpClientDecorator.java:56)
	at com.netflix.discovery.shared.transport.decorator.EurekaHttpClientDecorator$1.execute(EurekaHttpClientDecorator.java:59)
	at com.netflix.discovery.shared.transport.decorator.SessionedEurekaHttpClient.execute(SessionedEurekaHttpClient.java:76)
	at com.netflix.discovery.shared.transport.decorator.EurekaHttpClientDecorator.register(EurekaHttpClientDecorator.java:56)
	at com.netflix.discovery.DiscoveryClient.register(DiscoveryClient.java:828)
	at com.netflix.discovery.InstanceInfoReplicator.run(InstanceInfoReplicator.java:125)
	at com.netflix.discovery.InstanceInfoReplicator$2.run(InstanceInfoReplicator.java:105)
	at java.base/java.util.concurrent.Executors$RunnableAdapter.call(Executors.java:545)
	at java.base/java.util.concurrent.FutureTask.run(FutureTask.java:328)
	at java.base/java.util.concurrent.ScheduledThreadPoolExecutor$ScheduledFutureTask.run(ScheduledThreadPoolExecutor.java:309)
	at java.base/java.util.concurrent.ThreadPoolExecutor.runWorker(ThreadPoolExecutor.java:1090)
	at java.base/java.util.concurrent.ThreadPoolExecutor$Worker.run(ThreadPoolExecutor.java:614)
	at java.base/java.lang.Thread.run(Thread.java:1474)
Caused by: org.apache.hc.client5.http.HttpHostConnectException: Connect to http://localhost:8761 failed: Connection refused: getsockopt
	at java.base/sun.nio.ch.Net.pollConnect(Native Method)
	at java.base/sun.nio.ch.Net.pollConnectNow(Net.java:639)
	at java.base/sun.nio.ch.NioSocketImpl.timedFinishConnect(NioSocketImpl.java:543)
	at java.base/sun.nio.ch.NioSocketImpl.connect(NioSocketImpl.java:594)
	at java.base/java.net.SocksSocketImpl.connect(SocksSocketImpl.java:284)
	at java.base/java.net.Socket.connect(Socket.java:659)
	at org.apache.hc.client5.http.impl.io.DefaultHttpClientConnectionOperator.connect(DefaultHttpClientConnectionOperator.java:226)
	at org.apache.hc.client5.http.impl.io.PoolingHttpClientConnectionManager.connect(PoolingHttpClientConnectionManager.java:497)
	at org.apache.hc.client5.http.impl.classic.InternalExecRuntime.connectEndpoint(InternalExecRuntime.java:164)
	at org.apache.hc.client5.http.impl.classic.InternalExecRuntime.connectEndpoint(InternalExecRuntime.java:174)
	at org.apache.hc.client5.http.impl.classic.ConnectExec.execute(ConnectExec.java:144)
	at org.apache.hc.client5.http.impl.classic.ExecChainElement.execute(ExecChainElement.java:51)
	at org.apache.hc.client5.http.impl.classic.ProtocolExec.execute(ProtocolExec.java:195)
	at org.apache.hc.client5.http.impl.classic.ExecChainElement.execute(ExecChainElement.java:51)
	at org.apache.hc.client5.http.impl.classic.ContentCompressionExec.execute(ContentCompressionExec.java:168)
	at org.apache.hc.client5.http.impl.classic.ExecChainElement.execute(ExecChainElement.java:51)
	at org.apache.hc.client5.http.impl.classic.HttpRequestRetryExec.execute(HttpRequestRetryExec.java:112)
	at org.apache.hc.client5.http.impl.classic.ExecChainElement.execute(ExecChainElement.java:51)
	at org.apache.hc.client5.http.impl.classic.RedirectExec.execute(RedirectExec.java:110)
	at org.apache.hc.client5.http.impl.classic.ExecChainElement.execute(ExecChainElement.java:51)
	at org.apache.hc.client5.http.impl.classic.InternalHttpClient.doExecute(InternalHttpClient.java:185)
	at org.apache.hc.client5.http.impl.classic.CloseableHttpClient.execute(CloseableHttpClient.java:87)
	at org.apache.hc.client5.http.impl.classic.CloseableHttpClient.execute(CloseableHttpClient.java:55)
	at org.apache.hc.client5.http.classic.HttpClient.executeOpen(HttpClient.java:183)
	at org.springframework.http.client.HttpComponentsClientHttpRequest.executeInternal(HttpComponentsClientHttpRequest.java:99)
	at org.springframework.http.client.AbstractStreamingClientHttpRequest.executeInternal(AbstractStreamingClientHttpRequest.java:87)
	at org.springframework.http.client.AbstractClientHttpRequest.execute(AbstractClientHttpRequest.java:80)
	at org.springframework.http.client.AbstractBufferingClientHttpRequest.executeWithRequestAndBody(AbstractBufferingClientHttpRequest.java:89)
	at org.springframework.http.client.InterceptingClientHttpRequest$EndOfChainRequestExecution.execute(InterceptingClientHttpRequest.java:102)
	at org.springframework.cloud.netflix.eureka.http.RestClientTransportClientFactory.lambda$newClient$2(RestClientTransportClientFactory.java:98)
	at org.springframework.http.client.ClientHttpRequestInterceptor.lambda$apply$0(ClientHttpRequestInterceptor.java:89)
	at org.springframework.http.client.InterceptingClientHttpRequest.executeInternal(InterceptingClientHttpRequest.java:73)
	at org.springframework.http.client.AbstractBufferingClientHttpRequest.executeInternal(AbstractBufferingClientHttpRequest.java:50)
	at org.springframework.http.client.AbstractClientHttpRequest.execute(AbstractClientHttpRequest.java:80)
	at org.springframework.web.client.DefaultRestClient$DefaultRequestBodyUriSpec.exchangeInternal(DefaultRestClient.java:614)
	... 24 more

2026-06-23T00:51:54.021-04:00  WARN 8108 --- [ms-nutricion] [DiscoveryClient-InstanceInfoReplicator-%d] c.n.d.s.t.d.RetryableEurekaHttpClient    : Request execution failed with message: I/O error on POST request for "http://localhost:8761/eureka/apps/MS-NUTRICION": Connect to http://localhost:8761 failed: Connection refused: getsockopt
2026-06-23T00:51:54.022-04:00  INFO 8108 --- [ms-nutricion] [SpringApplicationShutdownHook] com.zaxxer.hikari.HikariDataSource       : HikariPool-1 - Shutdown initiated...
2026-06-23T00:51:54.025-04:00  INFO 8108 --- [ms-nutricion] [SpringApplicationShutdownHook] com.zaxxer.hikari.HikariDataSource       : HikariPool-1 - Shutdown completed.
2026-06-23T00:51:54.026-04:00  INFO 8108 --- [ms-nutricion] [SpringApplicationShutdownHook] com.netflix.discovery.DiscoveryClient    : Shutting down DiscoveryClient ...
2026-06-23T00:51:54.021-04:00  WARN 8108 --- [ms-nutricion] [DiscoveryClient-InstanceInfoReplicator-%d] com.netflix.discovery.DiscoveryClient    : DiscoveryClient_MS-NUTRICION/DESKTOP-NG6PCSR:ms-nutricion:8083 - registration failed Cannot execute request on any known server

com.netflix.discovery.shared.transport.TransportException: Cannot execute request on any known server
	at com.netflix.discovery.shared.transport.decorator.RetryableEurekaHttpClient.execute(RetryableEurekaHttpClient.java:112) ~[eureka-client-2.0.5.jar:2.0.5]
	at com.netflix.discovery.shared.transport.decorator.EurekaHttpClientDecorator.register(EurekaHttpClientDecorator.java:56) ~[eureka-client-2.0.5.jar:2.0.5]
	at com.netflix.discovery.shared.transport.decorator.EurekaHttpClientDecorator$1.execute(EurekaHttpClientDecorator.java:59) ~[eureka-client-2.0.5.jar:2.0.5]
	at com.netflix.discovery.shared.transport.decorator.SessionedEurekaHttpClient.execute(SessionedEurekaHttpClient.java:76) ~[eureka-client-2.0.5.jar:2.0.5]
	at com.netflix.discovery.shared.transport.decorator.EurekaHttpClientDecorator.register(EurekaHttpClientDecorator.java:56) ~[eureka-client-2.0.5.jar:2.0.5]
	at com.netflix.discovery.DiscoveryClient.register(DiscoveryClient.java:828) ~[eureka-client-2.0.5.jar:2.0.5]
	at com.netflix.discovery.InstanceInfoReplicator.run(InstanceInfoReplicator.java:125) ~[eureka-client-2.0.5.jar:2.0.5]
	at com.netflix.discovery.InstanceInfoReplicator$2.run(InstanceInfoReplicator.java:105) ~[eureka-client-2.0.5.jar:2.0.5]
	at java.base/java.util.concurrent.Executors$RunnableAdapter.call(Executors.java:545) ~[na:na]
	at java.base/java.util.concurrent.FutureTask.run(FutureTask.java:328) ~[na:na]
	at java.base/java.util.concurrent.ScheduledThreadPoolExecutor$ScheduledFutureTask.run(ScheduledThreadPoolExecutor.java:309) ~[na:na]
	at java.base/java.util.concurrent.ThreadPoolExecutor.runWorker(ThreadPoolExecutor.java:1090) ~[na:na]
	at java.base/java.util.concurrent.ThreadPoolExecutor$Worker.run(ThreadPoolExecutor.java:614) ~[na:na]
	at java.base/java.lang.Thread.run(Thread.java:1474) ~[na:na]

2026-06-23T00:51:54.027-04:00  WARN 8108 --- [ms-nutricion] [DiscoveryClient-InstanceInfoReplicator-%d] c.n.discovery.InstanceInfoReplicator     : There was a problem with the instance info replicator

com.netflix.discovery.shared.transport.TransportException: Cannot execute request on any known server
	at com.netflix.discovery.shared.transport.decorator.RetryableEurekaHttpClient.execute(RetryableEurekaHttpClient.java:112) ~[eureka-client-2.0.5.jar:2.0.5]
	at com.netflix.discovery.shared.transport.decorator.EurekaHttpClientDecorator.register(EurekaHttpClientDecorator.java:56) ~[eureka-client-2.0.5.jar:2.0.5]
	at com.netflix.discovery.shared.transport.decorator.EurekaHttpClientDecorator$1.execute(EurekaHttpClientDecorator.java:59) ~[eureka-client-2.0.5.jar:2.0.5]
	at com.netflix.discovery.shared.transport.decorator.SessionedEurekaHttpClient.execute(SessionedEurekaHttpClient.java:76) ~[eureka-client-2.0.5.jar:2.0.5]
	at com.netflix.discovery.shared.transport.decorator.EurekaHttpClientDecorator.register(EurekaHttpClientDecorator.java:56) ~[eureka-client-2.0.5.jar:2.0.5]
	at com.netflix.discovery.DiscoveryClient.register(DiscoveryClient.java:828) ~[eureka-client-2.0.5.jar:2.0.5]
	at com.netflix.discovery.InstanceInfoReplicator.run(InstanceInfoReplicator.java:125) ~[eureka-client-2.0.5.jar:2.0.5]
	at com.netflix.discovery.InstanceInfoReplicator$2.run(InstanceInfoReplicator.java:105) ~[eureka-client-2.0.5.jar:2.0.5]
	at java.base/java.util.concurrent.Executors$RunnableAdapter.call(Executors.java:545) ~[na:na]
	at java.base/java.util.concurrent.FutureTask.run(FutureTask.java:328) ~[na:na]
	at java.base/java.util.concurrent.ScheduledThreadPoolExecutor$ScheduledFutureTask.run(ScheduledThreadPoolExecutor.java:309) ~[na:na]
	at java.base/java.util.concurrent.ThreadPoolExecutor.runWorker(ThreadPoolExecutor.java:1090) ~[na:na]
	at java.base/java.util.concurrent.ThreadPoolExecutor$Worker.run(ThreadPoolExecutor.java:614) ~[na:na]
	at java.base/java.lang.Thread.run(Thread.java:1474) ~[na:na]

2026-06-23T00:51:54.027-04:00  INFO 8108 --- [ms-nutricion] [SpringApplicationShutdownHook] com.netflix.discovery.DiscoveryClient    : Unregistering ...
2026-06-23T00:51:54.033-04:00  INFO 8108 --- [ms-nutricion] [SpringApplicationShutdownHook] c.n.d.s.t.d.RedirectingEurekaHttpClient  : Request execution error. endpoint=DefaultEndpoint{ serviceUrl='http://localhost:8761/eureka/}, exception=I/O error on DELETE request for "http://localhost:8761/eureka/apps/MS-NUTRICION/DESKTOP-NG6PCSR:ms-nutricion:8083": Connect to http://localhost:8761 failed: Connection refused: getsockopt stacktrace=org.springframework.web.client.ResourceAccessException: I/O error on DELETE request for "http://localhost:8761/eureka/apps/MS-NUTRICION/DESKTOP-NG6PCSR:ms-nutricion:8083": Connect to http://localhost:8761 failed: Connection refused: getsockopt
	at org.springframework.web.client.DefaultRestClient$DefaultRequestBodyUriSpec.createResourceAccessException(DefaultRestClient.java:779)
	at org.springframework.web.client.DefaultRestClient$DefaultRequestBodyUriSpec.exchangeInternal(DefaultRestClient.java:624)
	at org.springframework.web.client.DefaultRestClient$DefaultRequestBodyUriSpec.exchange(DefaultRestClient.java:572)
	at org.springframework.web.client.RestClient$RequestHeadersSpec.exchange(RestClient.java:747)
	at org.springframework.web.client.DefaultRestClient$DefaultResponseSpec.executeAndExtract(DefaultRestClient.java:924)
	at org.springframework.web.client.DefaultRestClient$DefaultResponseSpec.toBodilessEntity(DefaultRestClient.java:888)
	at org.springframework.cloud.netflix.eureka.http.RestClientEurekaHttpClient.cancel(RestClientEurekaHttpClient.java:73)
	at com.netflix.discovery.shared.transport.decorator.EurekaHttpClientDecorator$2.execute(EurekaHttpClientDecorator.java:74)
	at com.netflix.discovery.shared.transport.decorator.RedirectingEurekaHttpClient.executeOnNewServer(RedirectingEurekaHttpClient.java:121)
	at com.netflix.discovery.shared.transport.decorator.RedirectingEurekaHttpClient.execute(RedirectingEurekaHttpClient.java:80)
	at com.netflix.discovery.shared.transport.decorator.EurekaHttpClientDecorator.cancel(EurekaHttpClientDecorator.java:71)
	at com.netflix.discovery.shared.transport.decorator.EurekaHttpClientDecorator$2.execute(EurekaHttpClientDecorator.java:74)
	at com.netflix.discovery.shared.transport.decorator.RetryableEurekaHttpClient.execute(RetryableEurekaHttpClient.java:120)
	at com.netflix.discovery.shared.transport.decorator.EurekaHttpClientDecorator.cancel(EurekaHttpClientDecorator.java:71)
	at com.netflix.discovery.shared.transport.decorator.EurekaHttpClientDecorator$2.execute(EurekaHttpClientDecorator.java:74)
	at com.netflix.discovery.shared.transport.decorator.SessionedEurekaHttpClient.execute(SessionedEurekaHttpClient.java:76)
	at com.netflix.discovery.shared.transport.decorator.EurekaHttpClientDecorator.cancel(EurekaHttpClientDecorator.java:71)
	at com.netflix.discovery.DiscoveryClient.unregister(DiscoveryClient.java:919)
	at com.netflix.discovery.DiscoveryClient.shutdown(DiscoveryClient.java:900)
	at java.base/jdk.internal.reflect.DirectMethodHandleAccessor.invoke(DirectMethodHandleAccessor.java:104)
	at java.base/java.lang.reflect.Method.invoke(Method.java:565)
	at org.springframework.beans.factory.annotation.InitDestroyAnnotationBeanPostProcessor$LifecycleMethod.invoke(InitDestroyAnnotationBeanPostProcessor.java:453)
	at org.springframework.beans.factory.annotation.InitDestroyAnnotationBeanPostProcessor$LifecycleMetadata.invokeDestroyMethods(InitDestroyAnnotationBeanPostProcessor.java:411)
	at org.springframework.beans.factory.annotation.InitDestroyAnnotationBeanPostProcessor.postProcessBeforeDestruction(InitDestroyAnnotationBeanPostProcessor.java:237)
	at org.springframework.beans.factory.support.DisposableBeanAdapter.destroy(DisposableBeanAdapter.java:200)
	at org.springframework.beans.factory.support.DisposableBeanAdapter.run(DisposableBeanAdapter.java:193)
	at org.springframework.cloud.context.scope.GenericScope$BeanLifecycleWrapper.destroy(GenericScope.java:387)
	at org.springframework.cloud.context.scope.GenericScope.destroy(GenericScope.java:134)
	at org.springframework.beans.factory.support.DisposableBeanAdapter.destroy(DisposableBeanAdapter.java:209)
	at org.springframework.beans.factory.support.DefaultSingletonBeanRegistry.destroyBean(DefaultSingletonBeanRegistry.java:795)
	at org.springframework.beans.factory.support.DefaultSingletonBeanRegistry.destroySingleton(DefaultSingletonBeanRegistry.java:745)
	at org.springframework.beans.factory.support.DefaultListableBeanFactory.destroySingleton(DefaultListableBeanFactory.java:1500)
	at org.springframework.beans.factory.support.DefaultSingletonBeanRegistry.destroySingletons(DefaultSingletonBeanRegistry.java:704)
	at org.springframework.beans.factory.support.DefaultListableBeanFactory.destroySingletons(DefaultListableBeanFactory.java:1493)
	at org.springframework.context.support.AbstractApplicationContext.destroyBeans(AbstractApplicationContext.java:1246)
	at org.springframework.context.support.AbstractApplicationContext.doClose(AbstractApplicationContext.java:1207)
	at org.springframework.boot.web.server.servlet.context.ServletWebServerApplicationContext.doClose(ServletWebServerApplicationContext.java:176)
	at org.springframework.context.support.AbstractApplicationContext.close(AbstractApplicationContext.java:1153)
	at org.springframework.boot.SpringApplicationShutdownHook.closeAndWait(SpringApplicationShutdownHook.java:147)
	at java.base/java.lang.Iterable.forEach(Iterable.java:75)
	at org.springframework.boot.SpringApplicationShutdownHook.run(SpringApplicationShutdownHook.java:116)
	at java.base/java.lang.Thread.run(Thread.java:1474)
Caused by: org.apache.hc.client5.http.HttpHostConnectException: Connect to http://localhost:8761 failed: Connection refused: getsockopt
	at java.base/sun.nio.ch.Net.pollConnect(Native Method)
	at java.base/sun.nio.ch.Net.pollConnectNow(Net.java:639)
	at java.base/sun.nio.ch.NioSocketImpl.timedFinishConnect(NioSocketImpl.java:543)
	at java.base/sun.nio.ch.NioSocketImpl.connect(NioSocketImpl.java:594)
	at java.base/java.net.SocksSocketImpl.connect(SocksSocketImpl.java:284)
	at java.base/java.net.Socket.connect(Socket.java:659)
	at org.apache.hc.client5.http.impl.io.DefaultHttpClientConnectionOperator.connect(DefaultHttpClientConnectionOperator.java:226)
	at org.apache.hc.client5.http.impl.io.PoolingHttpClientConnectionManager.connect(PoolingHttpClientConnectionManager.java:497)
	at org.apache.hc.client5.http.impl.classic.InternalExecRuntime.connectEndpoint(InternalExecRuntime.java:164)
	at org.apache.hc.client5.http.impl.classic.InternalExecRuntime.connectEndpoint(InternalExecRuntime.java:174)
	at org.apache.hc.client5.http.impl.classic.ConnectExec.execute(ConnectExec.java:144)
	at org.apache.hc.client5.http.impl.classic.ExecChainElement.execute(ExecChainElement.java:51)
	at org.apache.hc.client5.http.impl.classic.ProtocolExec.execute(ProtocolExec.java:195)
	at org.apache.hc.client5.http.impl.classic.ExecChainElement.execute(ExecChainElement.java:51)
	at org.apache.hc.client5.http.impl.classic.ContentCompressionExec.execute(ContentCompressionExec.java:168)
	at org.apache.hc.client5.http.impl.classic.ExecChainElement.execute(ExecChainElement.java:51)
	at org.apache.hc.client5.http.impl.classic.HttpRequestRetryExec.execute(HttpRequestRetryExec.java:112)
	at org.apache.hc.client5.http.impl.classic.ExecChainElement.execute(ExecChainElement.java:51)
	at org.apache.hc.client5.http.impl.classic.RedirectExec.execute(RedirectExec.java:110)
	at org.apache.hc.client5.http.impl.classic.ExecChainElement.execute(ExecChainElement.java:51)
	at org.apache.hc.client5.http.impl.classic.InternalHttpClient.doExecute(InternalHttpClient.java:185)
	at org.apache.hc.client5.http.impl.classic.CloseableHttpClient.execute(CloseableHttpClient.java:87)
	at org.apache.hc.client5.http.impl.classic.CloseableHttpClient.execute(CloseableHttpClient.java:55)
	at org.apache.hc.client5.http.classic.HttpClient.executeOpen(HttpClient.java:183)
	at org.springframework.http.client.HttpComponentsClientHttpRequest.executeInternal(HttpComponentsClientHttpRequest.java:99)
	at org.springframework.http.client.AbstractStreamingClientHttpRequest.executeInternal(AbstractStreamingClientHttpRequest.java:87)
	at org.springframework.http.client.AbstractClientHttpRequest.execute(AbstractClientHttpRequest.java:80)
	at org.springframework.http.client.AbstractBufferingClientHttpRequest.executeWithRequestAndBody(AbstractBufferingClientHttpRequest.java:89)
	at org.springframework.http.client.InterceptingClientHttpRequest$EndOfChainRequestExecution.execute(InterceptingClientHttpRequest.java:102)
	at org.springframework.cloud.netflix.eureka.http.RestClientTransportClientFactory.lambda$newClient$2(RestClientTransportClientFactory.java:98)
	at org.springframework.http.client.ClientHttpRequestInterceptor.lambda$apply$0(ClientHttpRequestInterceptor.java:89)
	at org.springframework.http.client.InterceptingClientHttpRequest.executeInternal(InterceptingClientHttpRequest.java:73)
	at org.springframework.http.client.AbstractBufferingClientHttpRequest.executeInternal(AbstractBufferingClientHttpRequest.java:50)
	at org.springframework.http.client.AbstractClientHttpRequest.execute(AbstractClientHttpRequest.java:80)
	at org.springframework.web.client.DefaultRestClient$DefaultRequestBodyUriSpec.exchangeInternal(DefaultRestClient.java:614)
	... 40 more

2026-06-23T00:51:54.033-04:00  WARN 8108 --- [ms-nutricion] [SpringApplicationShutdownHook] c.n.d.s.t.d.RetryableEurekaHttpClient    : Request execution failed with message: I/O error on DELETE request for "http://localhost:8761/eureka/apps/MS-NUTRICION/DESKTOP-NG6PCSR:ms-nutricion:8083": Connect to http://localhost:8761 failed: Connection refused: getsockopt
2026-06-23T00:51:54.033-04:00 ERROR 8108 --- [ms-nutricion] [SpringApplicationShutdownHook] com.netflix.discovery.DiscoveryClient    : DiscoveryClient_MS-NUTRICION/DESKTOP-NG6PCSR:ms-nutricion:8083 - de-registration failedCannot execute request on any known server

com.netflix.discovery.shared.transport.TransportException: Cannot execute request on any known server
	at com.netflix.discovery.shared.transport.decorator.RetryableEurekaHttpClient.execute(RetryableEurekaHttpClient.java:112) ~[eureka-client-2.0.5.jar:2.0.5]
	at com.netflix.discovery.shared.transport.decorator.EurekaHttpClientDecorator.cancel(EurekaHttpClientDecorator.java:71) ~[eureka-client-2.0.5.jar:2.0.5]
	at com.netflix.discovery.shared.transport.decorator.EurekaHttpClientDecorator$2.execute(EurekaHttpClientDecorator.java:74) ~[eureka-client-2.0.5.jar:2.0.5]
	at com.netflix.discovery.shared.transport.decorator.SessionedEurekaHttpClient.execute(SessionedEurekaHttpClient.java:76) ~[eureka-client-2.0.5.jar:2.0.5]
	at com.netflix.discovery.shared.transport.decorator.EurekaHttpClientDecorator.cancel(EurekaHttpClientDecorator.java:71) ~[eureka-client-2.0.5.jar:2.0.5]
	at com.netflix.discovery.DiscoveryClient.unregister(DiscoveryClient.java:919) ~[eureka-client-2.0.5.jar:2.0.5]
	at com.netflix.discovery.DiscoveryClient.shutdown(DiscoveryClient.java:900) ~[eureka-client-2.0.5.jar:2.0.5]
	at java.base/jdk.internal.reflect.DirectMethodHandleAccessor.invoke(DirectMethodHandleAccessor.java:104) ~[na:na]
	at java.base/java.lang.reflect.Method.invoke(Method.java:565) ~[na:na]
	at org.springframework.beans.factory.annotation.InitDestroyAnnotationBeanPostProcessor$LifecycleMethod.invoke(InitDestroyAnnotationBeanPostProcessor.java:453) ~[spring-beans-7.0.7.jar:7.0.7]
	at org.springframework.beans.factory.annotation.InitDestroyAnnotationBeanPostProcessor$LifecycleMetadata.invokeDestroyMethods(InitDestroyAnnotationBeanPostProcessor.java:411) ~[spring-beans-7.0.7.jar:7.0.7]
	at org.springframework.beans.factory.annotation.InitDestroyAnnotationBeanPostProcessor.postProcessBeforeDestruction(InitDestroyAnnotationBeanPostProcessor.java:237) ~[spring-beans-7.0.7.jar:7.0.7]
	at org.springframework.beans.factory.support.DisposableBeanAdapter.destroy(DisposableBeanAdapter.java:200) ~[spring-beans-7.0.7.jar:7.0.7]
	at org.springframework.beans.factory.support.DisposableBeanAdapter.run(DisposableBeanAdapter.java:193) ~[spring-beans-7.0.7.jar:7.0.7]
	at org.springframework.cloud.context.scope.GenericScope$BeanLifecycleWrapper.destroy(GenericScope.java:387) ~[spring-cloud-context-5.0.1.jar:5.0.1]
	at org.springframework.cloud.context.scope.GenericScope.destroy(GenericScope.java:134) ~[spring-cloud-context-5.0.1.jar:5.0.1]
	at org.springframework.beans.factory.support.DisposableBeanAdapter.destroy(DisposableBeanAdapter.java:209) ~[spring-beans-7.0.7.jar:7.0.7]
	at org.springframework.beans.factory.support.DefaultSingletonBeanRegistry.destroyBean(DefaultSingletonBeanRegistry.java:795) ~[spring-beans-7.0.7.jar:7.0.7]
	at org.springframework.beans.factory.support.DefaultSingletonBeanRegistry.destroySingleton(DefaultSingletonBeanRegistry.java:745) ~[spring-beans-7.0.7.jar:7.0.7]
	at org.springframework.beans.factory.support.DefaultListableBeanFactory.destroySingleton(DefaultListableBeanFactory.java:1500) ~[spring-beans-7.0.7.jar:7.0.7]
	at org.springframework.beans.factory.support.DefaultSingletonBeanRegistry.destroySingletons(DefaultSingletonBeanRegistry.java:704) ~[spring-beans-7.0.7.jar:7.0.7]
	at org.springframework.beans.factory.support.DefaultListableBeanFactory.destroySingletons(DefaultListableBeanFactory.java:1493) ~[spring-beans-7.0.7.jar:7.0.7]
	at org.springframework.context.support.AbstractApplicationContext.destroyBeans(AbstractApplicationContext.java:1246) ~[spring-context-7.0.7.jar:7.0.7]
	at org.springframework.context.support.AbstractApplicationContext.doClose(AbstractApplicationContext.java:1207) ~[spring-context-7.0.7.jar:7.0.7]
	at org.springframework.boot.web.server.servlet.context.ServletWebServerApplicationContext.doClose(ServletWebServerApplicationContext.java:176) ~[spring-boot-web-server-4.0.6.jar:4.0.6]
	at org.springframework.context.support.AbstractApplicationContext.close(AbstractApplicationContext.java:1153) ~[spring-context-7.0.7.jar:7.0.7]
	at org.springframework.boot.SpringApplicationShutdownHook.closeAndWait(SpringApplicationShutdownHook.java:147) ~[spring-boot-4.0.6.jar:4.0.6]
	at java.base/java.lang.Iterable.forEach(Iterable.java:75) ~[na:na]
	at org.springframework.boot.SpringApplicationShutdownHook.run(SpringApplicationShutdownHook.java:116) ~[spring-boot-4.0.6.jar:4.0.6]
	at java.base/java.lang.Thread.run(Thread.java:1474) ~[na:na]

2026-06-23T00:51:54.034-04:00  INFO 8108 --- [ms-nutricion] [SpringApplicationShutdownHook] com.netflix.discovery.DiscoveryClient    : Completed shut down of DiscoveryClient
